// Jest Snapshot v1, https://goo.gl/fbAQLP

exports[`Form Checkbox snapshot match 1`] = `
<div
  class="MuiFormControl-root css-gdldrm-FormControlStyled e1y7dzbg0"
>
  <label
    class="MuiFormControlLabel-root css-tvaf49-FormControlLabelStyled e1y7dzbg2"
    id=""
  >
    <span
      aria-disabled="false"
      class="MuiButtonBase-root MuiIconButton-root PrivateSwitchBase-root-1 MuiCheckbox-root MuiCheckbox-colorPrimary css-5hszho-CheckboxStyled e1y7dzbg3 MuiIconButton-colorPrimary"
    >
      <span
        class="MuiIconButton-label"
      >
        <input
          aria-label="Form Checkbox"
          class="PrivateSwitchBase-input-4"
          data-indeterminate="false"
          id="formCheckbox"
          type="checkbox"
          value=""
        />
        <svg
          fill="none"
          height="20"
          viewBox="0 0 20 20"
          width="20"
          xmlns="http://www.w3.org/2000/svg"
        >
          <rect
            height="19"
            rx="4.5"
            stroke="currentColor"
            width="19"
            x="0.5"
            y="0.5"
          />
        </svg>
      </span>
      <span
        class="MuiTouchRipple-root"
      />
    </span>
    <span
      class="MuiTypography-root MuiFormControlLabel-label MuiTypography-body1"
    >
      Form Checkbox
    </span>
  </label>
</div>
`;

exports[`Form Checkbox snapshot match 2`] = `
Object {
  "debug": [Function],
  "findAllByAltText": [Function],
  "findAllByDisplayValue": [Function],
  "findAllByLabelText": [Function],
  "findAllByPlaceholderText": [Function],
  "findAllByRole": [Function],
  "findAllByTestId": [Function],
  "findAllByText": [Function],
  "findAllByTitle": [Function],
  "findByAltText": [Function],
  "findByDisplayValue": [Function],
  "findByLabelText": [Function],
  "findByPlaceholderText": [Function],
  "findByRole": [Function],
  "findByTestId": [Function],
  "findByText": [Function],
  "findByTitle": [Function],
  "getAllByAltText": [Function],
  "getAllByDisplayValue": [Function],
  "getAllByLabelText": [Function],
  "getAllByPlaceholderText": [Function],
  "getAllByRole": [Function],
  "getAllByTestId": [Function],
  "getAllByText": [Function],
  "getAllByTitle": [Function],
  "getByAltText": [Function],
  "getByDisplayValue": [Function],
  "getByLabelText": [Function],
  "getByPlaceholderText": [Function],
  "getByRole": [Function],
  "getByTestId": [Function],
  "getByText": [Function],
  "getByTitle": [Function],
  "queryAllByAltText": [Function],
  "queryAllByDisplayValue": [Function],
  "queryAllByLabelText": [Function],
  "queryAllByPlaceholderText": [Function],
  "queryAllByRole": [Function],
  "queryAllByTestId": [Function],
  "queryAllByText": [Function],
  "queryAllByTitle": [Function],
  "queryByAltText": [Function],
  "queryByDisplayValue": [Function],
  "queryByLabelText": [Function],
  "queryByPlaceholderText": [Function],
  "queryByRole": [Function],
  "queryByTestId": [Function],
  "queryByText": [Function],
  "queryByTitle": [Function],
}
`;
