// Jest Snapshot v1, https://goo.gl/fbAQLP

exports[`FormPhoneNumber snapshot match 1`] = `
<div
  class="MuiBox-root MuiBox-root-1 css-1e0xmn4-BoxStyled e1ezzjsz0"
>
  <label
    class="MuiFormLabel-root MuiInputLabel-root MuiInputLabel-animated"
    for="FormPhoneNumber"
    id=""
  >
    Form PhoneNumber
  </label>
  <div
    class="phone-number-format   react-tel-input"
  >
    <div
      class="special-label"
    >
      Phone
    </div>
    <input
      aria-label="Form PhoneNumber"
      class=" form-control"
      id="FormPhoneNumber"
      name="FormPhoneNumber"
      placeholder="E.g.1234567890"
      type="tel"
      value="+1 (234) 565-7586"
    />
    <div
      class=" flag-dropdown"
    >
      <div
        aria-haspopup="listbox"
        class="selected-flag"
        role="button"
        tabindex="0"
        title="United States: + 1"
      >
        <div
          class="flag us"
        >
          <div
            class="arrow"
          />
        </div>
      </div>
    </div>
  </div>
</div>
`;

exports[`FormPhoneNumber snapshot match 2`] = `
Object {
  "debug": [Function],
  "findAllByAltText": [Function],
  "findAllByDisplayValue": [Function],
  "findAllByLabelText": [Function],
  "findAllByPlaceholderText": [Function],
  "findAllByRole": [Function],
  "findAllByTestId": [Function],
  "findAllByText": [Function],
  "findAllByTitle": [Function],
  "findByAltText": [Function],
  "findByDisplayValue": [Function],
  "findByLabelText": [Function],
  "findByPlaceholderText": [Function],
  "findByRole": [Function],
  "findByTestId": [Function],
  "findByText": [Function],
  "findByTitle": [Function],
  "getAllByAltText": [Function],
  "getAllByDisplayValue": [Function],
  "getAllByLabelText": [Function],
  "getAllByPlaceholderText": [Function],
  "getAllByRole": [Function],
  "getAllByTestId": [Function],
  "getAllByText": [Function],
  "getAllByTitle": [Function],
  "getByAltText": [Function],
  "getByDisplayValue": [Function],
  "getByLabelText": [Function],
  "getByPlaceholderText": [Function],
  "getByRole": [Function],
  "getByTestId": [Function],
  "getByText": [Function],
  "getByTitle": [Function],
  "queryAllByAltText": [Function],
  "queryAllByDisplayValue": [Function],
  "queryAllByLabelText": [Function],
  "queryAllByPlaceholderText": [Function],
  "queryAllByRole": [Function],
  "queryAllByTestId": [Function],
  "queryAllByText": [Function],
  "queryAllByTitle": [Function],
  "queryByAltText": [Function],
  "queryByDisplayValue": [Function],
  "queryByLabelText": [Function],
  "queryByPlaceholderText": [Function],
  "queryByRole": [Function],
  "queryByTestId": [Function],
  "queryByText": [Function],
  "queryByTitle": [Function],
}
`;
