// Jest Snapshot v1, https://goo.gl/fbAQLP

exports[`DynamicFormField snapshot match 1`] = `
<div
  class="MuiFormControl-root css-b2xexh-FormControlStyled e374ptj0"
>
  <label
    class="MuiFormControlLabel-root  css-1gf5067-FormControlLabelStyled e374ptj1"
    id=""
  >
    <div
      class="MuiFormControl-root MuiTextField-root MuiFormControl-fullWidth"
    >
      <div
        class="MuiInputBase-root MuiOutlinedInput-root MuiInputBase-fullWidth MuiInputBase-formControl"
      >
        <input
          aria-describedby="formTextField-helper-text"
          aria-invalid="false"
          aria-label="Form Textbox"
          class="MuiInputBase-input MuiOutlinedInput-input"
          id="formTextField"
          name="FormTextField"
          placeholder=""
          type="text"
          value="Adecco"
        />
        <fieldset
          aria-hidden="true"
          class="PrivateNotchedOutline-root-1 MuiOutlinedInput-notchedOutline"
          style="padding-left: 8px;"
        >
          <legend
            class="PrivateNotchedOutline-legend-2"
            style="width: 0.01px;"
          >
            <span>
              â€‹
            </span>
          </legend>
        </fieldset>
      </div>
      <p
        class="MuiFormHelperText-root MuiFormHelperText-contained MuiFormHelperText-filled"
        id="formTextField-helper-text"
      />
    </div>
    <span
      class="MuiTypography-root MuiFormControlLabel-label MuiTypography-body1"
    >
      Form Textbox
    </span>
  </label>
   
</div>
`;

exports[`DynamicFormField snapshot match 2`] = `
Object {
  "debug": [Function],
  "findAllByAltText": [Function],
  "findAllByDisplayValue": [Function],
  "findAllByLabelText": [Function],
  "findAllByPlaceholderText": [Function],
  "findAllByRole": [Function],
  "findAllByTestId": [Function],
  "findAllByText": [Function],
  "findAllByTitle": [Function],
  "findByAltText": [Function],
  "findByDisplayValue": [Function],
  "findByLabelText": [Function],
  "findByPlaceholderText": [Function],
  "findByRole": [Function],
  "findByTestId": [Function],
  "findByText": [Function],
  "findByTitle": [Function],
  "getAllByAltText": [Function],
  "getAllByDisplayValue": [Function],
  "getAllByLabelText": [Function],
  "getAllByPlaceholderText": [Function],
  "getAllByRole": [Function],
  "getAllByTestId": [Function],
  "getAllByText": [Function],
  "getAllByTitle": [Function],
  "getByAltText": [Function],
  "getByDisplayValue": [Function],
  "getByLabelText": [Function],
  "getByPlaceholderText": [Function],
  "getByRole": [Function],
  "getByTestId": [Function],
  "getByText": [Function],
  "getByTitle": [Function],
  "queryAllByAltText": [Function],
  "queryAllByDisplayValue": [Function],
  "queryAllByLabelText": [Function],
  "queryAllByPlaceholderText": [Function],
  "queryAllByRole": [Function],
  "queryAllByTestId": [Function],
  "queryAllByText": [Function],
  "queryAllByTitle": [Function],
  "queryByAltText": [Function],
  "queryByDisplayValue": [Function],
  "queryByLabelText": [Function],
  "queryByPlaceholderText": [Function],
  "queryByRole": [Function],
  "queryByTestId": [Function],
  "queryByText": [Function],
  "queryByTitle": [Function],
}
`;
